[Jayantararp.id/index.html]
[backblue.gif]
[fade.gif]
[index.html]
[cdn.discordapp.com/splashes/824652062796939324/b027e8aa185ccb69834fbd4b560fbc50bd5f.jpg]
[Jayantararp.id/assets/img/favicons/favicon.png]
[Jayantararp.id/assets/img/favicons/favicon-2.png]
[Jayantararp.id/assets/vendor/magnific-popup/css/magnific-popup.css]
[Jayantararp.id/assets/vendor/slick/css/slick.css]
[Jayantararp.id/assets/vendor/nanoscroller/css/nanoscroller.css]
[Jayantararp.id/assets/vendor/fontawesome/css/brands.css]
[Jayantararp.id/assets/css/style.css]
[Jayantararp.id/index-2.html]
[Jayantararp.id/assets/img/logo.png]
[Jayantararp.id/information/about.html]
[Jayantararp.id/information/promo.html]
[Jayantararp.id/shop.html]
[Jayantararp.id/membership.f.delayed]
[Jayantararp.id/auth/login]
[Jayantararp.id/assets/img/Jayantara.svg]
[Jayantararp.id/assets/vendor/jquery/jquery-migrate.min.js]
[Jayantararp.id/assets/vendor/jquery/jquery.min.js]
[Jayantararp.id/assets/js/custom.js]
[Jayantararp.id/index.html]
[Jayantararp.id/assets/vendor/magnific-popup/css/magnific-popup.css]
[Jayantararp.id/assets/vendor/slick/css/slick.css]
[Jayantararp.id/assets/vendor/nanoscroller/css/nanoscroller.css]
[Jayantararp.id/assets/vendor/fontawesome/webfonts/fa-brands-400.eot]
[Jayantararp.id/assets/vendor/bootstrap/js/bootstrap.bundle.min.js]
[Jayantararp.id/assets/js/init.js]
[Jayantararp.id/assets/vendor/fontawesome/webfonts/fa-brands-400.woff2]
[Jayantararp.id/assets/vendor/fontawesome/webfonts/fa-brands-400d41d.eot]
[Jayantararp.id/assets/js/core.js]
[Jayantararp.id/assets/vendor/fontawesome/webfonts/fa-brands-400.woff]
[Jayantararp.id/assets/vendor/fontawesome/webfonts/fa-brands-400.ttf]
[Jayantararp.id/assets/vendor/fontawesome/css/brands.css]
[Jayantararp.id/assets/vendor/fontawesome/webfonts/fa-brands-400.svg]
[Jayantararp.id/assets/vendor/fontawesome/webfonts/fa-solid-900.eot]
[Jayantararp.id/assets/vendor/fontawesome/webfonts/fa-solid-900.woff2]
[Jayantararp.id/assets/vendor/fontawesome/webfonts/fa-solid-900.woff]
[Jayantararp.id/assets/vendor/fontawesome/webfonts/fa-solid-900d41d.eot]
[Jayantararp.id/assets/vendor/fontawesome/webfonts/fa-solid-900.ttf]
[Jayantararp.id/assets/vendor/fontawesome/webfonts/fa-solid-900.svg]
[Jayantararp.id/assets/img/hexagon-bg.png]
[Jayantararp.id/assets/img/form-success.svg]
[Jayantararp.id/assets/img/form-alert.svg]
[Jayantararp.id/assets/img/sprite.svg]
[Jayantararp.id/assets/img/dotted-world.svg]
[Jayantararp.id/assets/img/samples/team-selection-01-xs.27.delayed]
[Jayantararp.id/assets/img/samples/team-selection-02-xs.28.delayed]
[Jayantararp.id/assets/img/samples/team-selection-03-xs.29.delayed]
[Jayantararp.id/assets/img/samples/team-selection-04-xs.2a.delayed]
[Jayantararp.id/assets/img/bg-texture-01.jpg]
[Jayantararp.id/assets/img/bg-texture-02.jpg]
[Jayantararp.id/assets/img/bg-texture-03.jpg]
[Jayantararp.id/assets/img/bg-texture-04.jpg]
[Jayantararp.id/assets/img/bg-texture-05.jpg]
[Jayantararp.id/assets/img/bg-texture-06.jpg]
[Jayantararp.id/assets/img/bg-texture-07.jpg]
[Jayantararp.id/assets/img/3x3-black.gif]
[Jayantararp.id/assets/img/3x3-black@2x.gif]
[Jayantararp.id/assets/img/bg-matches-01.jpg]
[Jayantararp.id/assets/img/bg-matches-02.jpg]
[Jayantararp.id/assets/img/bg-matches-03.jpg]
[Jayantararp.id/assets/img/page-heading-img-01.jpg]
[Jayantararp.id/assets/img/page-heading-img-02.jpg]
[Jayantararp.id/assets/img/page-heading-img-03.jpg]
[Jayantararp.id/assets/img/page-heading-img-05.jpg]
[Jayantararp.id/assets/img/page-heading-img-04.jpg]
[Jayantararp.id/assets/img/page-heading-img-06.jpg]
[Jayantararp.id/assets/img/checkout-login-bg.jpg]
[Jayantararp.id/assets/img/checkout-redeem-bg.jpg]
[Jayantararp.id/assets/img/page-heading-classic.jpg]
[Jayantararp.id/assets/img/team-selection-bg-2.jpg]
[Jayantararp.id/assets/img/team-selection-bg-3.jpg]
[Jayantararp.id/assets/img/team-selection-bg-4.jpg]
[Jayantararp.id/assets/css/style.css]
[Jayantararp.id/assets/css/custom.css]
[Jayantararp.id/index-2.html]
[Jayantararp.id/auth/login.45.delayed]
[Jayantararp.id/assets/img/samples/page-bg-logo.png]
[Jayantararp.id/assets/img/samples/Jayantara-map-logo.png]
[Jayantararp.id/assets/img/samples/features-about-us-img-01.png]
[Jayantararp.id/auth/logout.4b.delayed]
[Jayantararp.id/information/about.html]
[Jayantararp.id/information/management.html]
[Jayantararp.id/cloud/files/eyJpdiI6IlhQbGJJRGtBSS9lMm85K2tzL3dvWHc9PSIsInZhbHVlIjoiaktXQjBDb2EzMzU2MWROR2JPTjJpZXA2eHo1Vnk4N2FqaXA0T0dqSHQ5ZC9nUVBPKzV6YTRPK3lqVDB5SDJGWVRSeGdnRWxiVloxYXppR2xPYTFhMWJhME1OSGkzWDBuOGRCdWh5Mk44SG]
[Jayantararp.id/cloud/files/eyJpdiI6InlEeE01bVZydVkrUGJDdS94MDVrYmc9PSIsInZhbHVlIjoiclhFdDRNN3lrV09nNlRWNkFpODBDQWpMWExIWWx4NkMxOTBLZ2g3S1Bnb09rWmdmUngyTWtKNjlhOGl6MnlHMThVRFV4Y1VRSlNkNTh2Vk81QVRxZFlnSGpxbE9IV2FvNHFxazZSUzQ2Sk]
[Jayantararp.id/cloud/files/eyJpdiI6Ill4OWp0K05XSytkaDNrNWh1MHRUUmc9PSIsInZhbHVlIjoidTlQS0FnMHZzSCtiWFRZcGVlOHFMZ3dvMTFUQlVmaEtWcFJiOU5YZGhTMG9RYm53UTJCZ3Y2cVlvZ051Ym9kMGwrR1NacC9IaTlyTU1DcDQzWGxOa3phSkVqemdPc0h2Y3g1ZGRXSUZ4TE]
[Jayantararp.id/cloud/files/eyJpdiI6IkpiNEV6aVBvY084NVdVVUkrVEMvM3c9PSIsInZhbHVlIjoicmFSeVRJZWM0M2ppc212M0NJV0hUMWlsVFVnNlZ0QnU3Z2d5VHVXUUh2b2Fvc2x4OUtIdTQ2VGE4ZHllQXUrdTlLM0lyamoyclVIZUhVMHZjTW10NjFWVld6ZStYdFIreXRRWCtkWkhnMy]
[Jayantararp.id/cloud/files/eyJpdiI6IkJWUG8waFI1TG5mRnB2ZDhmWUFEeHc9PSIsInZhbHVlIjoicE5BbmFKUm5OaDNWN3IwUE1JRlhlVXVMSW9weFphUC9lOGt4UExaNDVicnBGOCt0eEtzSmxyRjZNY0NkWnRPenl5bGpBT1FrUkQ4blczSVBGNERWREhtT2ZNbVBzVzVtcDg3YVN5V0p2RG]
[Jayantararp.id/information/promo.html]
[Jayantararp.id/cloud/files/eyJpdiI6IldtYWpRbXFGakhwakdubnJUakhUN2c9PSIsInZhbHVlIjoiT2NtOS82WXpYMUNXdXZyU0o2TlpoQStXUGhYU0lUN0c4KytrTzNqRE43RjQvRGZidXpSMTVSUFVvMFhaeHgyTExmVUhhWWZFM0o3WnNLcUR2TTBnaG9GSTZ4NXNaTk9tN1FBYkxoTUZrK0]
[Jayantararp.id/cloud/files/eyJpdiI6IituQ1paRjJ5c09aeDdna1B4cEpIZEE9PSIsInZhbHVlIjoiNnNWUEpJcWdMUkJmbTNQaGlxWktWRHhxNWRqc0k2cE5OSUlneFkxWTkxeFNmT040UTRwNVFjTkRlL2I2Ly9yRmdleG52ZWduVEdHd2dwRWR1c0ZKT1d4L1NEaFVnSnhTR2NuNVVsS2hhRU]
[Jayantararp.id/cloud/files/eyJpdiI6InRFUkUwaFMrRk50UWVaTGx6U2lXdmc9PSIsInZhbHVlIjoieGhLTit4dGtnU1U0RlBJV3BHTW9VN1A3cmUxbnFyY1U5emtkajlsKzJNQVoyRHRSV0Rmb3Rza2FNakM1WXgydFFLdmpoR0ZxblZGbFpBd0ZIaVJ2MWs3MzVNYmEyZTFMRk10ckR0SUJiT2]
[Jayantararp.id/cloud/files/eyJpdiI6InFkUFluTklocnR2a1piY1NaWjVaakE9PSIsInZhbHVlIjoiZFNna3ZNeWQycjJsc1JzcU11d0h6eXF1WVlGR0VJeFJsNVE0UG13ejlEVXdNOXU1UjR0eG5IVW94WUZ0SUpmYW1pb2VEYjhaN2pPcTFobHZCbEdkYUlLOHh3UVdrcy9waW5GenlZWmxBN0]
[Jayantararp.id/cloud/files/eyJpdiI6IlN0c2dOMlNOMmxCZFNFK2FuSFdkWmc9PSIsInZhbHVlIjoic1U5QVphQ2tvNTA2K3V6RUNxV1dkNm5ZLzBOM1IrMXNINXZVckJzSy9vNmNtclZ3Ui9JVjhsQU1wVmcyZGsyRlZ0UE5ncFVjdFlXWGJUd29BcFFsT0pkbUVFb1k1OG5ndTZJQ2ltSGZCSG]
[Jayantararp.id/cloud/files/eyJpdiI6Ikg3ZlFXbmdZOGtFMkdmYVpxclBoRnc9PSIsInZhbHVlIjoiYld3dU55NkIrRStYM1Y5dkZVUzA2WUtRdXlGVTN0M1RmQ3F0cVQzYWdCZXRvQjRFSktQc2VnN0NZdXd4YUZsRUFzV0taTk1QTVAyN1RCMlp6STFOM1JvbkhzS2l6aERBRVRWZWUveEtCR2]
[Jayantararp.id/cloud/files/eyJpdiI6IlNCMGc0ZU1mYXM0SFo1V3FFTWtwUnc9PSIsInZhbHVlIjoidW5GdzBUZWs3ck5UeXhhVWVsRnA2VzQyNlJiYjRIRnBLL2ZzcTJCQ1BaaHlIdmVUSjZTellpcVhuR0hiSG50TkhGbHRsYWp6Mkt0ZEV4QTZuUW15RWQzZGFtWDRCNFlnTnJuWHBmODJjcE]
[Jayantararp.id/cloud/files/eyJpdiI6InFyeXg0YU1LWGl5YWVQWWhCYjJpYmc9PSIsInZhbHVlIjoiZ05FL25YVVJONXFmVEdxdTUxM3U4WWpFSWJtZlpKdEFMaExiZjAxYXIxY0llWmRFSW5iRWIvbTBvaDVxS0RYOTJla3BscURrOTRVYm5zazNWSWFGZE42bzlRVHNYdEJpeTcxSDN1RGJNSC]
[Jayantararp.id/cloud/files/eyJpdiI6IkZxSWVydzVBSnlySVRTQUZqZG9CQmc9PSIsInZhbHVlIjoiVm9JRW1temV6TU92U1ZUREp1OHdSVUd0YW1SSUlWQnlQMjE1TUdmOEFPMTJBVlZsRHQreWtiUjExRVNWbkwrUmF0N243Z05RZjVUM1JnYkdaL2hYSXpmUCtqenBQenJjNW11dFc1MkRwMk]
[Jayantararp.id/cloud/files/eyJpdiI6IjkvQ3Z5VWxSb2hIK3A0eXNsK3IwY2c9PSIsInZhbHVlIjoiaWhibExENXBBdzR2ZXB1MkRKRjNvQzROQnY4Z0xPRkR1L3c1T2JEanEyb0M2UUpnekFHbmxWUHNUYm16UnZwaTdrTXM4VHVkUnVyUEE0czdiNHJ0a2dIa0NRTnhRU2JRVzhKWEhrWUtKaW]
[Jayantararp.id/shop.html]
[Jayantararp.id/assets/img/Jayantara.svg]
[Jayantararp.id/assets/vendor/fontawesome/webfonts/fa-brands-400.svg]
[Jayantararp.id/assets/vendor/fontawesome/webfonts/fa-solid-900.woff2]
[Jayantararp.id/livewire/livewire.mind524.js]
[Jayantararp.id/assets/vendor/fontawesome/webfonts/fa-solid-900.ttf]
[Jayantararp.id/assets/vendor/fontawesome/webfonts/fa-solid-900.svg]
[Jayantararp.id/assets/img/form-success.svg]
[Jayantararp.id/assets/img/form-alert.svg]
[Jayantararp.id/assets/img/sprite.svg]
[Jayantararp.id/assets/img/dotted-world.svg]
[Jayantararp.id/assets/img/samples/team-selection-01-xs.html]
[Jayantararp.id/assets/img/samples/team-selection-02-xs.html]
[Jayantararp.id/assets/img/samples/team-selection-03-xs.html]
[Jayantararp.id/assets/img/samples/team-selection-04-xs.html]
[Jayantararp.id/assets/img/bg-texture-01.jpg]
[Jayantararp.id/assets/img/bg-texture-06.jpg]
[Jayantararp.id/assets/img/bg-matches-02.jpg]
[Jayantararp.id/assets/img/page-heading-img-04.jpg]
[Jayantararp.id/assets/img/page-bg-base.jpg]
[Jayantararp.id/assets/img/team-selection-bg-3.jpg]
[Jayantararp.id/assets/img/management/kei.png]
[Jayantararp.id/assets/img/management/jelool.png]
[Jayantararp.id/assets/img/management/aan.png]
[Jayantararp.id/assets/img/management/ronald.png]
[Jayantararp.id/assets/img/management/moon.jpg]
[Jayantararp.id/assets/img/management/ryb.png]
[Jayantararp.id/assets/img/management/alhus.png]
[Jayantararp.id/assets/img/management/fatar.jpg]
[Jayantararp.id/assets/img/management/dika.jpg]
[Jayantararp.id/assets/img/management/netking.png]
[Jayantararp.id/assets/img/management/egi.png]
[Jayantararp.id/assets/img/management/erika.png]
[Jayantararp.id/assets/img/management/jen.png]
[Jayantararp.id/information/management.html]
[Jayantararp.id/cloud/files/eyJpdiI6IlhQbGJJRGtBSS9lMm85K2tzL3dvWHc9PSIsInZhbHVlIjoiaktXQjBDb2EzMzU2MWROR2JPTjJpZXA2eHo1Vnk4N2FqaXA0T0dqSHQ5ZC9nUVBPKzV6YTRPK3lqVDB5SDJGWVRSeGdnRWxiVloxYXppR2xPYTFhMWJhME1OSGkzWDBuOGRCdWh5Mk44SG]
[Jayantararp.id/cloud/files/eyJpdiI6InlEeE01bVZydVkrUGJDdS94MDVrYmc9PSIsInZhbHVlIjoiclhFdDRNN3lrV09nNlRWNkFpODBDQWpMWExIWWx4NkMxOTBLZ2g3S1Bnb09rWmdmUngyTWtKNjlhOGl6MnlHMThVRFV4Y1VRSlNkNTh2Vk81QVRxZFlnSGpxbE9IV2FvNHFxazZSUzQ2Sk]
[Jayantararp.id/cloud/files/eyJpdiI6Ill4OWp0K05XSytkaDNrNWh1MHRUUmc9PSIsInZhbHVlIjoidTlQS0FnMHZzSCtiWFRZcGVlOHFMZ3dvMTFUQlVmaEtWcFJiOU5YZGhTMG9RYm53UTJCZ3Y2cVlvZ051Ym9kMGwrR1NacC9IaTlyTU1DcDQzWGxOa3phSkVqemdPc0h2Y3g1ZGRXSUZ4TE]
[Jayantararp.id/cloud/files/eyJpdiI6IkpiNEV6aVBvY084NVdVVUkrVEMvM3c9PSIsInZhbHVlIjoicmFSeVRJZWM0M2ppc212M0NJV0hUMWlsVFVnNlZ0QnU3Z2d5VHVXUUh2b2Fvc2x4OUtIdTQ2VGE4ZHllQXUrdTlLM0lyamoyclVIZUhVMHZjTW10NjFWVld6ZStYdFIreXRRWCtkWkhnMy]
[Jayantararp.id/cloud/files/eyJpdiI6IkJWUG8waFI1TG5mRnB2ZDhmWUFEeHc9PSIsInZhbHVlIjoicE5BbmFKUm5OaDNWN3IwUE1JRlhlVXVMSW9weFphUC9lOGt4UExaNDVicnBGOCt0eEtzSmxyRjZNY0NkWnRPenl5bGpBT1FrUkQ4blczSVBGNERWREhtT2ZNbVBzVzVtcDg3YVN5V0p2RG]
[Jayantararp.id/cloud/files/eyJpdiI6IldtYWpRbXFGakhwakdubnJUakhUN2c9PSIsInZhbHVlIjoiT2NtOS82WXpYMUNXdXZyU0o2TlpoQStXUGhYU0lUN0c4KytrTzNqRE43RjQvRGZidXpSMTVSUFVvMFhaeHgyTExmVUhhWWZFM0o3WnNLcUR2TTBnaG9GSTZ4NXNaTk9tN1FBYkxoTUZrK0]
[Jayantararp.id/cloud/files/eyJpdiI6IituQ1paRjJ5c09aeDdna1B4cEpIZEE9PSIsInZhbHVlIjoiNnNWUEpJcWdMUkJmbTNQaGlxWktWRHhxNWRqc0k2cE5OSUlneFkxWTkxeFNmT040UTRwNVFjTkRlL2I2Ly9yRmdleG52ZWduVEdHd2dwRWR1c0ZKT1d4L1NEaFVnSnhTR2NuNVVsS2hhRU]
[Jayantararp.id/cloud/files/eyJpdiI6InRFUkUwaFMrRk50UWVaTGx6U2lXdmc9PSIsInZhbHVlIjoieGhLTit4dGtnU1U0RlBJV3BHTW9VN1A3cmUxbnFyY1U5emtkajlsKzJNQVoyRHRSV0Rmb3Rza2FNakM1WXgydFFLdmpoR0ZxblZGbFpBd0ZIaVJ2MWs3MzVNYmEyZTFMRk10ckR0SUJiT2]
[Jayantararp.id/cloud/files/eyJpdiI6InFkUFluTklocnR2a1piY1NaWjVaakE9PSIsInZhbHVlIjoiZFNna3ZNeWQycjJsc1JzcU11d0h6eXF1WVlGR0VJeFJsNVE0UG13ejlEVXdNOXU1UjR0eG5IVW94WUZ0SUpmYW1pb2VEYjhaN2pPcTFobHZCbEdkYUlLOHh3UVdrcy9waW5GenlZWmxBN0]
[Jayantararp.id/cloud/files/eyJpdiI6IlN0c2dOMlNOMmxCZFNFK2FuSFdkWmc9PSIsInZhbHVlIjoic1U5QVphQ2tvNTA2K3V6RUNxV1dkNm5ZLzBOM1IrMXNINXZVckJzSy9vNmNtclZ3Ui9JVjhsQU1wVmcyZGsyRlZ0UE5ncFVjdFlXWGJUd29BcFFsT0pkbUVFb1k1OG5ndTZJQ2ltSGZCSG]
[Jayantararp.id/cloud/files/eyJpdiI6Ikg3ZlFXbmdZOGtFMkdmYVpxclBoRnc9PSIsInZhbHVlIjoiYld3dU55NkIrRStYM1Y5dkZVUzA2WUtRdXlGVTN0M1RmQ3F0cVQzYWdCZXRvQjRFSktQc2VnN0NZdXd4YUZsRUFzV0taTk1QTVAyN1RCMlp6STFOM1JvbkhzS2l6aERBRVRWZWUveEtCR2]
[Jayantararp.id/cloud/files/eyJpdiI6IlNCMGc0ZU1mYXM0SFo1V3FFTWtwUnc9PSIsInZhbHVlIjoidW5GdzBUZWs3ck5UeXhhVWVsRnA2VzQyNlJiYjRIRnBLL2ZzcTJCQ1BaaHlIdmVUSjZTellpcVhuR0hiSG50TkhGbHRsYWp6Mkt0ZEV4QTZuUW15RWQzZGFtWDRCNFlnTnJuWHBmODJjcE]
[Jayantararp.id/cloud/files/eyJpdiI6InFyeXg0YU1LWGl5YWVQWWhCYjJpYmc9PSIsInZhbHVlIjoiZ05FL25YVVJONXFmVEdxdTUxM3U4WWpFSWJtZlpKdEFMaExiZjAxYXIxY0llWmRFSW5iRWIvbTBvaDVxS0RYOTJla3BscURrOTRVYm5zazNWSWFGZE42bzlRVHNYdEJpeTcxSDN1RGJNSC]
[Jayantararp.id/cloud/files/eyJpdiI6IkZxSWVydzVBSnlySVRTQUZqZG9CQmc9PSIsInZhbHVlIjoiVm9JRW1temV6TU92U1ZUREp1OHdSVUd0YW1SSUlWQnlQMjE1TUdmOEFPMTJBVlZsRHQreWtiUjExRVNWbkwrUmF0N243Z05RZjVUM1JnYkdaL2hYSXpmUCtqenBQenJjNW11dFc1MkRwMk]
[Jayantararp.id/cloud/files/eyJpdiI6IjkvQ3Z5VWxSb2hIK3A0eXNsK3IwY2c9PSIsInZhbHVlIjoiaWhibExENXBBdzR2ZXB1MkRKRjNvQzROQnY4Z0xPRkR1L3c1T2JEanEyb0M2UUpnekFHbmxWUHNUYm16UnZwaTdrTXM4VHVkUnVyUEE0czdiNHJ0a2dIa0NRTnhRU2JRVzhKWEhrWUtKaW]
[Jayantararp.id/assets/img/management/ronald.png]
[Jayantararp.id/assets/img/management/alhus.png]
[Jayantararp.id/assets/img/management/zoffy.jpg]
[Jayantararp.id/assets/img/management/netking.png]
[Jayantararp.id/assets/img/management/egi.png]
[Jayantararp.id/assets/img/management/ronald.png]
